// Jest Snapshot v1, https://goo.gl/fbAQLP

exports[`Alert component without props snapshot should match 1`] = `
<div
  className="alert alert-undefined"
  data-testid="alert-test"
/>
`;
